src/app/contact/components/FAQSection.client.tsx(33,170): error TS2353: Object literal may only specify known properties, and 'divideColor' does not exist in type 'Properties<string | number, string & {}>'.
src/components/home/TrustedBySection/index.tsx(36,29): error TS2322: Type 'ReactNode | StaticImageData' is not assignable to type 'ReactNode'.
  Type 'StaticImageData' is not assignable to type 'ReactNode'.
src/components/home/TrustedBySection/Marquee.client.tsx(35,17): error TS2322: Type '{ animate: { x: string[]; transition: { x: { repeat: number; repeatType: "loop"; duration: number; ease: string; }; }; }; }' is not assignable to type 'Variants'.
  Property 'animate' is incompatible with index signature.
    Type '{ x: string[]; transition: { x: { repeat: number; repeatType: "loop"; duration: number; ease: string; }; }; }' is not assignable to type 'Variant'.
      Type '{ x: string[]; transition: { x: { repeat: number; repeatType: "loop"; duration: number; ease: string; }; }; }' is not assignable to type 'TargetAndTransition'.
        Types of property 'transition' are incompatible.
          Type '{ x: { repeat: number; repeatType: "loop"; duration: number; ease: string; }; }' is not assignable to type 'Transition<any> | undefined'.
            Type '{ x: { repeat: number; repeatType: "loop"; duration: number; ease: string; }; }' is not assignable to type 'TransitionWithValueOverrides<any>'.
              Type '{ x: { repeat: number; repeatType: "loop"; duration: number; ease: string; }; }' is not assignable to type 'StyleTransitions'.
                The types of 'x.ease' are incompatible between these types.
                  Type 'string' is not assignable to type 'Easing | Easing[] | undefined'.
src/components/works/ProjectDetails.tsx(251,41): error TS2339: Property 'width' does not exist on type '{ url: string; alt?: string | undefined; _id?: string | undefined; }'.
src/components/works/ProjectDetails.tsx(251,54): error TS2339: Property 'height' does not exist on type '{ url: string; alt?: string | undefined; _id?: string | undefined; }'.
src/components/works/ProjectDetails.tsx(252,47): error TS2339: Property 'width' does not exist on type '{ url: string; alt?: string | undefined; _id?: string | undefined; }'.
src/components/works/ProjectDetails.tsx(252,59): error TS2339: Property 'height' does not exist on type '{ url: string; alt?: string | undefined; _id?: string | undefined; }'.
src/components/works/ProjectDetails.tsx(278,66): error TS2339: Property 'aspectRatio' does not exist on type '{ url: string; alt?: string | undefined; _id?: string | undefined; }'.
src/components/works/ProjectDetails.tsx(278,88): error TS2339: Property 'width' does not exist on type '{ url: string; alt?: string | undefined; _id?: string | undefined; }'.
src/components/works/ProjectDetails.tsx(278,101): error TS2339: Property 'height' does not exist on type '{ url: string; alt?: string | undefined; _id?: string | undefined; }'.
src/components/works/ProjectDetails.tsx(285,60): error TS2339: Property 'width' does not exist on type '{ url: string; alt?: string | undefined; _id?: string | undefined; }'.
src/components/works/ProjectDetails.tsx(286,61): error TS2339: Property 'height' does not exist on type '{ url: string; alt?: string | undefined; _id?: string | undefined; }'.
src/components/works/WorkCard.tsx(20,30): error TS2551: Property 'category' does not exist on type 'IProject'. Did you mean 'categoryId'?
src/components/works/WorkCard.tsx(21,28): error TS2551: Property 'category' does not exist on type 'IProject'. Did you mean 'categoryId'?
